// Jest Snapshot v1, https://goo.gl/fbAQLP

exports[`ScheduleVisualizer should render ScheduleVisualizer component properly using snapshot 1`] = `
ShallowWrapper {
  "length": 1,
  Symbol(enzyme.__root__): [Circular],
  Symbol(enzyme.__unrendered__): <ScheduleVisualizer />,
  Symbol(enzyme.__renderer__): Object {
    "batchedUpdates": [Function],
    "getNode": [Function],
    "render": [Function],
    "simulateEvent": [Function],
    "unmount": [Function],
  },
  Symbol(enzyme.__node__): Object {
    "instance": null,
    "key": undefined,
    "nodeType": "function",
    "props": Object {
      "children": Array [
        undefined,
        "No schedules to be displayed",
      ],
      "divided": "vertically",
      "padded": "horizontally",
    },
    "ref": null,
    "rendered": Array [
      undefined,
      "No schedules to be displayed",
    ],
    "type": [Function],
  },
  Symbol(enzyme.__nodes__): Array [
    Object {
      "instance": null,
      "key": undefined,
      "nodeType": "function",
      "props": Object {
        "children": Array [
          undefined,
          "No schedules to be displayed",
        ],
        "divided": "vertically",
        "padded": "horizontally",
      },
      "ref": null,
      "rendered": Array [
        undefined,
        "No schedules to be displayed",
      ],
      "type": [Function],
    },
  ],
  Symbol(enzyme.__options__): Object {
    "adapter": ReactSixteenAdapter {
      "options": Object {
        "enableComponentDidUpdateOnSetState": true,
      },
    },
  },
}
`;
